// Jest Snapshot v1, https://goo.gl/fbAQLP

exports[`renders correctly 1`] = `
.c3 {
  width: 32px;
  height: 32px;
  font-size: 25px;
  padding: 0 5px;
  margin: 0 2.5px;
  display: inline-block;
}

.c4 {
  font-family: 'fontello',sans-serif;
  font-style: normal;
  font-weight: normal;
}

.c0 {
  width: 100%;
  display: -webkit-box;
  display: -webkit-flex;
  display: -ms-flexbox;
  display: flex;
  -webkit-box-pack: justify;
  -webkit-justify-content: space-between;
  -ms-flex-pack: justify;
  justify-content: space-between;
  border-top: 1px solid rgba(255,255,255,0.1);
  background-clip: padding-box;
  margin-top: 50px;
  padding: 20px 30px;
  overflow: hidden;
}

.c1 {
  font-size: 12px;
}

.c2 {
  margin-right: -7.5px;
}

<div>
  <div
    class="c0"
  >
    <div
      class="c1"
    >
      Nil Késede © 
      2020
    </div>
    <div
      class="c2"
    >
      <a
        class="c3"
        href="https://linkedin.com/in/nilkesede"
        rel="noopener noreferrer"
        target="_blank"
        title="linkedin"
      >
        <i
          class="c4"
        >
          
        </i>
      </a>
      <a
        class="c3"
        href="https://github.com/nilkesede"
        rel="noopener noreferrer"
        target="_blank"
        title="github"
      >
        <i
          class="c4"
        >
          
        </i>
      </a>
    </div>
  </div>
</div>
`;
