// Jest Snapshot v1, https://goo.gl/fbAQLP

exports[`renders correctly 1`] = `
.c0 {
  margin: 0;
}

@media (min-width:768px) {
  .c0 {
    font-size: 24px;
  }
}

<div>
  <p
    class="c0"
  >
    Subtitle text content.
  </p>
</div>
`;
