// Jest Snapshot v1, https://goo.gl/fbAQLP

exports[`renders correctly 1`] = `
.c0 {
  color: #ffffff;
  font-size: 32px;
  margin: 30px 0;
}

@media (min-width:768px) {
  .c0 {
    font-size: 42px;
    margin: 50px 0;
  }
}

<div>
  <h1
    class="c0"
  >
    Hi, I'm Nil KÃ©sede!
  </h1>
</div>
`;
